python 3.14.3 | ruptures 1.1.9 | ruptures-rs 0.1.0
AMD Ryzen 5 5600G (6 cores), Windows 11
Assembled with: bench.py --section <name> --json bench/results.json --append
Re-printed with: bench.py --render bench/results.json
case                                       ruptures  ruptures-rs     speedup   match
------------------------------------------------------------------------------------
Dynp l2  n=500 K=5 jump=1                    3.710s      0.0043s        863x   yes
Dynp l2  n=1,000 K=5 jump=1                 16.956s      0.0047s      3,612x   yes
Dynp l2  n=2,000 K=5 jump=1                 84.006s      0.0181s      4,640x   yes
Dynp l2  n=4,000 K=5 jump=1                370.109s      0.0829s      4,463x   yes
Dynp l2  n=20,000 K=5 jump=10                   n/a      0.0284s         n/a   -
Dynp l2  n=50,000 K=5 jump=10                   n/a      0.1110s         n/a   -
Pelt l2  n=1,000 pen=200 jump=1              1.483s      0.0151s         98x   yes
Pelt l2  n=5,000 pen=200 jump=1             53.762s      0.0429s      1,253x   yes
Pelt l2  n=20,000 pen=200 jump=1           916.281s      1.1200s        818x   yes
Binseg l2  n=5,000 K=5 jump=1                1.121s      0.0009s      1,187x   yes
BottomUp l2  n=5,000 K=5 jump=1              0.063s      0.0023s         28x   yes
Window l2  n=5,000 width=100 jump=1          0.405s      0.0025s        161x   yes
Dynp l1  n=1,500 K=4 jump=5                  2.805s      0.0593s         47x   yes
Dynp normal  n=1,500 K=4 jump=5              2.239s      0.0029s        783x   yes
Dynp rank  n=1,500 K=4 jump=5                2.186s      0.0028s        767x   yes
Dynp mahalanobis  n=1,500 K=4 jump=5        14.765s      0.0078s      1,890x   yes
Dynp rbf  n=1,500 K=4 jump=5                13.488s      0.0409s        330x   yes
Dynp linear  n=1,500 K=4 jump=5              1.454s      0.0133s        110x   yes
Dynp ar  n=1,500 K=4 jump=5                  2.704s      0.0663s         41x   yes
KernelCPD linear  n=2,000 K=5                0.028s      0.0137s          2x   yes
KernelCPD linear  n=10,000 K=5               0.887s      0.3354s          3x   yes
Crops n=2,000 vs 50-point grid              16.400s      0.0279s        587x   -
------------------------------------------------------------------------------------
all 19 compared cases returned identical breakpoints
